// Jest Snapshot v1, https://goo.gl/fbAQLP

exports[`renders correctly 1`] = `
<View
  accessibilityComponentType={undefined}
  accessibilityLabel={undefined}
  accessibilityTraits={undefined}
  accessible={true}
  hitSlop={undefined}
  isTVSelectable={true}
  nativeID={undefined}
  onLayout={undefined}
  onResponderGrant={[Function]}
  onResponderMove={[Function]}
  onResponderRelease={[Function]}
  onResponderTerminate={[Function]}
  onResponderTerminationRequest={[Function]}
  onStartShouldSetResponder={[Function]}
  style={
    Object {
      "backgroundColor": "transparent",
      "height": 75,
      "marginLeft": 10,
      "marginRight": 10,
      "opacity": 1,
      "paddingBottom": 10,
      "paddingRight": 10,
      "paddingTop": 10,
      "width": 75,
    }
  }
  testID={undefined}
  tvParallaxProperties={undefined}
>
  <View
    style={
      Array [
        Object {
          "alignItems": "center",
          "alignSelf": "stretch",
          "backgroundColor": "rgba(0,0,0,0.2)",
          "bottom": 0,
          "flex": 1,
          "justifyContent": "center",
          "left": 0,
          "position": "absolute",
          "right": 0,
          "top": 0,
        },
        Object {
          "borderRadius": 37.5,
        },
        undefined,
      ]
    }
  >
    <Image
      source={1}
      style={
        Array [
          Object {
            "height": 75,
            "width": 75,
          },
          Object {
            "borderRadius": 37.5,
          },
          undefined,
        ]
      }
    />
  </View>
</View>
`;
